Archive member included to satisfy reference by file (symbol)

c:/st/stm32cubeide_1.7.0/stm32cubeide/plugins/com.st.stm32cube.ide.mcu.externaltools.gnu-tools-for-stm32.9-2020-q2-update.win32_2.0.0.202105311346/tools/bin/../lib/gcc/arm-none-eabi/9.3.1/../../../../arm-none-eabi/lib/thumb/v7-m/nofp\libc_nano.a(lib_a-errno.o)
                              ./Core/Src/syscalls.o (__errno)
c:/st/stm32cubeide_1.7.0/stm32cubeide/plugins/com.st.stm32cube.ide.mcu.externaltools.gnu-tools-for-stm32.9-2020-q2-update.win32_2.0.0.202105311346/tools/bin/../lib/gcc/arm-none-eabi/9.3.1/../../../../arm-none-eabi/lib/thumb/v7-m/nofp\libc_nano.a(lib_a-exit.o)
                              c:/st/stm32cubeide_1.7.0/stm32cubeide/plugins/com.st.stm32cube.ide.mcu.externaltools.gnu-tools-for-stm32.9-2020-q2-update.win32_2.0.0.202105311346/tools/bin/../lib/gcc/arm-none-eabi/9.3.1/../../../../arm-none-eabi/lib/thumb/v7-m/nofp/crt0.o (exit)
c:/st/stm32cubeide_1.7.0/stm32cubeide/plugins/com.st.stm32cube.ide.mcu.externaltools.gnu-tools-for-stm32.9-2020-q2-update.win32_2.0.0.202105311346/tools/bin/../lib/gcc/arm-none-eabi/9.3.1/../../../../arm-none-eabi/lib/thumb/v7-m/nofp\libc_nano.a(lib_a-impure.o)
                              c:/st/stm32cubeide_1.7.0/stm32cubeide/plugins/com.st.stm32cube.ide.mcu.externaltools.gnu-tools-for-stm32.9-2020-q2-update.win32_2.0.0.202105311346/tools/bin/../lib/gcc/arm-none-eabi/9.3.1/../../../../arm-none-eabi/lib/thumb/v7-m/nofp\libc_nano.a(lib_a-exit.o) (_global_impure_ptr)
c:/st/stm32cubeide_1.7.0/stm32cubeide/plugins/com.st.stm32cube.ide.mcu.externaltools.gnu-tools-for-stm32.9-2020-q2-update.win32_2.0.0.202105311346/tools/bin/../lib/gcc/arm-none-eabi/9.3.1/../../../../arm-none-eabi/lib/thumb/v7-m/nofp\libc_nano.a(lib_a-init.o)
                              c:/st/stm32cubeide_1.7.0/stm32cubeide/plugins/com.st.stm32cube.ide.mcu.externaltools.gnu-tools-for-stm32.9-2020-q2-update.win32_2.0.0.202105311346/tools/bin/../lib/gcc/arm-none-eabi/9.3.1/../../../../arm-none-eabi/lib/thumb/v7-m/nofp/crt0.o (__libc_init_array)
c:/st/stm32cubeide_1.7.0/stm32cubeide/plugins/com.st.stm32cube.ide.mcu.externaltools.gnu-tools-for-stm32.9-2020-q2-update.win32_2.0.0.202105311346/tools/bin/../lib/gcc/arm-none-eabi/9.3.1/../../../../arm-none-eabi/lib/thumb/v7-m/nofp\libc_nano.a(lib_a-memset.o)
                              c:/st/stm32cubeide_1.7.0/stm32cubeide/plugins/com.st.stm32cube.ide.mcu.externaltools.gnu-tools-for-stm32.9-2020-q2-update.win32_2.0.0.202105311346/tools/bin/../lib/gcc/arm-none-eabi/9.3.1/../../../../arm-none-eabi/lib/thumb/v7-m/nofp/crt0.o (memset)

Allocating common symbols
Common symbol       size              file

uwTick              0x4               ./Drivers/STM32F1xx_HAL_Driver/Src/stm32f1xx_hal.o
pFlash              0x20              ./Drivers/STM32F1xx_HAL_Driver/Src/stm32f1xx_hal_flash.o
htim2               0x48              ./Core/Src/main.o

Discarded input sections

 .text          0x0000000000000000        0x0 c:/st/stm32cubeide_1.7.0/stm32cubeide/plugins/com.st.stm32cube.ide.mcu.externaltools.gnu-tools-for-stm32.9-2020-q2-update.win32_2.0.0.202105311346/tools/bin/../lib/gcc/arm-none-eabi/9.3.1/thumb/v7-m/nofp/crti.o
 .data          0x0000000000000000        0x0 c:/st/stm32cubeide_1.7.0/stm32cubeide/plugins/com.st.stm32cube.ide.mcu.externaltools.gnu-tools-for-stm32.9-2020-q2-update.win32_2.0.0.202105311346/tools/bin/../lib/gcc/arm-none-eabi/9.3.1/thumb/v7-m/nofp/crti.o
 .bss           0x0000000000000000        0x0 c:/st/stm32cubeide_1.7.0/stm32cubeide/plugins/com.st.stm32cube.ide.mcu.externaltools.gnu-tools-for-stm32.9-2020-q2-update.win32_2.0.0.202105311346/tools/bin/../lib/gcc/arm-none-eabi/9.3.1/thumb/v7-m/nofp/crti.o
 .data          0x0000000000000000        0x4 c:/st/stm32cubeide_1.7.0/stm32cubeide/plugins/com.st.stm32cube.ide.mcu.externaltools.gnu-tools-for-stm32.9-2020-q2-update.win32_2.0.0.202105311346/tools/bin/../lib/gcc/arm-none-eabi/9.3.1/thumb/v7-m/nofp/crtbegin.o
 .text          0x0000000000000000       0x7c c:/st/stm32cubeide_1.7.0/stm32cubeide/plugins/com.st.stm32cube.ide.mcu.externaltools.gnu-tools-for-stm32.9-2020-q2-update.win32_2.0.0.202105311346/tools/bin/../lib/gcc/arm-none-eabi/9.3.1/../../../../arm-none-eabi/lib/thumb/v7-m/nofp/crt0.o
 .data          0x0000000000000000        0x0 c:/st/stm32cubeide_1.7.0/stm32cubeide/plugins/com.st.stm32cube.ide.mcu.externaltools.gnu-tools-for-stm32.9-2020-q2-update.win32_2.0.0.202105311346/tools/bin/../lib/gcc/arm-none-eabi/9.3.1/../../../../arm-none-eabi/lib/thumb/v7-m/nofp/crt0.o
 .bss           0x0000000000000000        0x0 c:/st/stm32cubeide_1.7.0/stm32cubeide/plugins/com.st.stm32cube.ide.mcu.externaltools.gnu-tools-for-stm32.9-2020-q2-update.win32_2.0.0.202105311346/tools/bin/../lib/gcc/arm-none-eabi/9.3.1/../../../../arm-none-eabi/lib/thumb/v7-m/nofp/crt0.o
[...]
Memory Configuration

Name             Origin             Length             Attributes
RAM              0x0000000020000000 0x0000000000002800 xrw
FLASH            0x0000000008000000 0x0000000000008000 xr
*default*        0x0000000000000000 0xffffffffffffffff

Linker script and memory map

LOAD c:/st/stm32cubeide_1.7.0/stm32cubeide/plugins/com.st.stm32cube.ide.mcu.externaltools.gnu-tools-for-stm32.9-2020-q2-update.win32_2.0.0.202105311346/tools/bin/../lib/gcc/arm-none-eabi/9.3.1/thumb/v7-m/nofp/crti.o
LOAD c:/st/stm32cubeide_1.7.0/stm32cubeide/plugins/com.st.stm32cube.ide.mcu.externaltools.gnu-tools-for-stm32.9-2020-q2-update.win32_2.0.0.202105311346/tools/bin/../lib/gcc/arm-none-eabi/9.3.1/thumb/v7-m/nofp/crtbegin.o
LOAD c:/st/stm32cubeide_1.7.0/stm32cubeide/plugins/com.st.stm32cube.ide.mcu.externaltools.gnu-tools-for-stm32.9-2020-q2-update.win32_2.0.0.202105311346/tools/bin/../lib/gcc/arm-none-eabi/9.3.1/../../../../arm-none-eabi/lib/thumb/v7-m/nofp/crt0.o
LOAD ./Core/Src/7 seg.o
LOAD ./Core/Src/button.o
LOAD ./Core/Src/fsm_automatic.o
LOAD ./Core/Src/fsm_config.o
LOAD ./Core/Src/fsm_manual.o
LOAD ./Core/Src/fsm_menu.o
LOAD ./Core/Src/global.o
LOAD ./Core/Src/main.o
LOAD ./Core/Src/software_timer.o
LOAD ./Core/Src/stm32f1xx_hal_msp.o
LOAD ./Core/Src/stm32f1xx_it.o
LOAD ./Core/Src/syscalls.o
LOAD ./Core/Src/sysmem.o
LOAD ./Core/Src/system_stm32f1xx.o
LOAD ./Core/Src/traffic_light.o
LOAD ./Core/Startup/startup_stm32f103c6tx.o
LOAD ./Drivers/STM32F1xx_HAL_Driver/Src/stm32f1xx_hal.o
LOAD ./Drivers/STM32F1xx_HAL_Driver/Src/stm32f1xx_hal_cortex.o
LOAD ./Drivers/STM32F1xx_HAL_Driver/Src/stm32f1xx_hal_dma.o
LOAD ./Drivers/STM32F1xx_HAL_Driver/Src/stm32f1xx_hal_exti.o
LOAD ./Drivers/STM32F1xx_HAL_Driver/Src/stm32f1xx_hal_flash.o
LOAD ./Drivers/STM32F1xx_HAL_Driver/Src/stm32f1xx_hal_flash_ex.o
LOAD ./Drivers/STM32F1xx_HAL_Driver/Src/stm32f1xx_hal_gpio.o
LOAD ./Drivers/STM32F1xx_HAL_Driver/Src/stm32f1xx_hal_gpio_ex.o
LOAD ./Drivers/STM32F1xx_HAL_Driver/Src/stm32f1xx_hal_pwr.o
LOAD ./Drivers/STM32F1xx_HAL_Driver/Src/stm32f1xx_hal_rcc.o
LOAD ./Drivers/STM32F1xx_HAL_Driver/Src/stm32f1xx_hal_rcc_ex.o
LOAD ./Drivers/STM32F1xx_HAL_Driver/Src/stm32f1xx_hal_tim.o
LOAD ./Drivers/STM32F1xx_HAL_Driver/Src/stm32f1xx_hal_tim_ex.o
START GROUP
LOAD c:/st/stm32cubeide_1.7.0/stm32cubeide/plugins/com.st.stm32cube.ide.mcu.externaltools.gnu-tools-for-stm32.9-2020-q2-update.win32_2.0.0.202105311346/tools/bin/../lib/gcc/arm-none-eabi/9.3.1/../../../../arm-none-eabi/lib/thumb/v7-m/nofp\libc_nano.a
LOAD c:/st/stm32cubeide_1.7.0/stm32cubeide/plugins/com.st.stm32cube.ide.mcu.externaltools.gnu-tools-for-stm32.9-2020-q2-update.win32_2.0.0.202105311346/tools/bin/../lib/gcc/arm-none-eabi/9.3.1/../../../../arm-none-eabi/lib/thumb/v7-m/nofp\libm.a
END GROUP
START GROUP
LOAD c:/st/stm32cubeide_1.7.0/stm32cubeide/plugins/com.st.stm32cube.ide.mcu.externaltools.gnu-tools-for-stm32.9-2020-q2-update.win32_2.0.0.202105311346/tools/bin/../lib/gcc/arm-none-eabi/9.3.1/thumb/v7-m/nofp\libgcc.a
LOAD c:/st/stm32cubeide_1.7.0/stm32cubeide/plugins/com.st.stm32cube.ide.mcu.externaltools.gnu-tools-for-stm32.9-2020-q2-update.win32_2.0.0.202105311346/tools/bin/../lib/gcc/arm-none-eabi/9.3.1/../../../../arm-none-eabi/lib/thumb/v7-m/nofp\libc_nano.a
END GROUP
START GROUP
LOAD c:/st/stm32cubeide_1.7.0/stm32cubeide/plugins/com.st.stm32cube.ide.mcu.externaltools.gnu-tools-for-stm32.9-2020-q2-update.win32_2.0.0.202105311346/tools/bin/../lib/gcc/arm-none-eabi/9.3.1/thumb/v7-m/nofp\libgcc.a
LOAD c:/st/stm32cubeide_1.7.0/stm32cubeide/plugins/com.st.stm32cube.ide.mcu.externaltools.gnu-tools-for-stm32.9-2020-q2-update.win32_2.0.0.202105311346/tools/bin/../lib/gcc/arm-none-eabi/9.3.1/../../../../arm-none-eabi/lib/thumb/v7-m/nofp\libc_nano.a
LOAD c:/st/stm32cubeide_1.7.0/stm32cubeide/plugins/com.st.stm32cube.ide.mcu.externaltools.gnu-tools-for-stm32.9-2020-q2-update.win32_2.0.0.202105311346/tools/bin/../lib/gcc/arm-none-eabi/9.3.1/../../../../arm-none-eabi/lib/thumb/v7-m/nofp\libnosys.a
END GROUP
START GROUP
LOAD c:/st/stm32cubeide_1.7.0/stm32cubeide/plugins/com.st.stm32cube.ide.mcu.externaltools.gnu-tools-for-stm32.9-2020-q2-update.win32_2.0.0.202105311346/tools/bin/../lib/gcc/arm-none-eabi/9.3.1/thumb/v7-m/nofp\libgcc.a
LOAD c:/st/stm32cubeide_1.7.0/stm32cubeide/plugins/com.st.stm32cube.ide.mcu.externaltools.gnu-tools-for-stm32.9-2020-q2-update.win32_2.0.0.202105311346/tools/bin/../lib/gcc/arm-none-eabi/9.3.1/../../../../arm-none-eabi/lib/thumb/v7-m/nofp\libc_nano.a
LOAD c:/st/stm32cubeide_1.7.0/stm32cubeide/plugins/com.st.stm32cube.ide.mcu.externaltools.gnu-tools-for-stm32.9-2020-q2-update.win32_2.0.0.202105311346/tools/bin/../lib/gcc/arm-none-eabi/9.3.1/../../../../arm-none-eabi/lib/thumb/v7-m/nofp\libnosys.a
END GROUP
LOAD c:/st/stm32cubeide_1.7.0/stm32cubeide/plugins/com.st.stm32cube.ide.mcu.externaltools.gnu-tools-for-stm32.9-2020-q2-update.win32_2.0.0.202105311346/tools/bin/../lib/gcc/arm-none-eabi/9.3.1/thumb/v7-m/nofp/crtend.o
LOAD c:/st/stm32cubeide_1.7.0/stm32cubeide/plugins/com.st.stm32cube.ide.mcu.externaltools.gnu-tools-for-stm32.9-2020-q2-update.win32_2.0.0.202105311346/tools/bin/../lib/gcc/arm-none-eabi/9.3.1/thumb/v7-m/nofp/crtn.o
                0x0000000020002800                _estack = (ORIGIN (RAM) + LENGTH (RAM))
                0x0000000000000200                _Min_Heap_Size = 0x200
                0x0000000000000400                _Min_Stack_Size = 0x400

.isr_vector     0x0000000008000000      0x10c
                0x0000000008000000                . = ALIGN (0x4)
 *(.isr_vector)
 .isr_vector    0x0000000008000000      0x10c ./Core/Startup/startup_stm32f103c6tx.o
                0x0000000008000000                g_pfnVectors
                0x000000000800010c                . = ALIGN (0x4)

.text           0x000000000800010c     0x3294
                0x000000000800010c                . = ALIGN (0x4)
 *(.text)
 .text          0x000000000800010c       0x40 c:/st/stm32cubeide_1.7.0/stm32cubeide/plugins/com.st.stm32cube.ide.mcu.externaltools.gnu-tools-for-stm32.9-2020-q2-update.win32_2.0.0.202105311346/tools/bin/../lib/gcc/arm-none-eabi/9.3.1/thumb/v7-m/nofp/crtbegin.o
 *(.text*)
 .text.display7SegLed
                0x000000000800014c       0x84 ./Core/Src/7 seg.o
                0x000000000800014c                display7SegLed
 .text.updateTimerBuffer
                0x00000000080001d0       0x9c ./Core/Src/7 seg.o
                0x00000000080001d0                updateTimerBuffer
 .text.clear7Seg
                0x000000000800026c       0x30 ./Core/Src/7 seg.o
                0x000000000800026c                clear7Seg
 .text.displayDigit1
                0x000000000800029c      0x364 ./Core/Src/7 seg.o
                0x000000000800029c                displayDigit1
 .text.displayDigit2
                0x0000000008000600      0x3ec ./Core/Src/7 seg.o
                0x0000000008000600                displayDigit2
 .text.button_init
                0x00000000080009ec       0xcc ./Core/Src/button.o
                0x00000000080009ec                button_init
 .text.getKeyInput
                0x0000000008000ab8      0x204 ./Core/Src/button.o
                0x0000000008000ab8                getKeyInput
 .text.isButtonPressed
                0x0000000008000cbc       0x44 ./Core/Src/button.o
                0x0000000008000cbc                isButtonPressed
 .text.isButtonLongPressed
                0x0000000008000d00       0x44 ./Core/Src/button.o
                0x0000000008000d00                isButtonLongPressed
 .text.isButtonDoubleClicked
                0x0000000008000d44       0x44 ./Core/Src/button.o
                0x0000000008000d44                isButtonDoubleClicked
 .text.fsm_automatic_run
                0x0000000008000d88      0x270 ./Core/Src/fsm_automatic.o
                0x0000000008000d88                fsm_automatic_run
 .text.fsm_config_run
                0x0000000008000ff8        0xc ./Core/Src/fsm_config.o
                0x0000000008000ff8                fsm_config_run
 .text.trafficLight_run
                0x0000000008001004      0x26c ./Core/Src/fsm_manual.o
                0x0000000008001004                trafficLight_run
 .text.fsm_manual_run
                0x0000000008001270      0x260 ./Core/Src/fsm_manual.o
                0x0000000008001270                fsm_manual_run
 .text.resetState
                0x00000000080014d0       0x20 ./Core/Src/fsm_menu.o
                0x00000000080014d0                resetState
 .text.fsm_menu_run
                0x00000000080014f0      0x168 ./Core/Src/fsm_menu.o
                0x00000000080014f0                fsm_menu_run
 .text.main     0x0000000008001658       0x3c ./Core/Src/main.o
                0x0000000008001658                main
 .text.SystemClock_Config
                0x0000000008001694       0x76 ./Core/Src/main.o
                0x0000000008001694                SystemClock_Config
 *fill*         0x000000000800170a        0x2 
 .text.MX_TIM2_Init
                0x000000000800170c       0x98 ./Core/Src/main.o
 .text.MX_GPIO_Init
                0x00000000080017a4       0xe4 ./Core/Src/main.o
 .text.HAL_TIM_PeriodElapsedCallback
                0x0000000008001888       0x18 ./Core/Src/main.o
                0x0000000008001888                HAL_TIM_PeriodElapsedCallback
 .text.Error_Handler
                0x00000000080018a0        0xa ./Core/Src/main.o
                0x00000000080018a0                Error_Handler
 *fill*         0x00000000080018aa        0x2 
 .text.setTimers
                0x00000000080018ac       0x58 ./Core/Src/software_timer.o
                0x00000000080018ac                setTimers
 .text.setTimer
                0x0000000008001904       0x50 ./Core/Src/software_timer.o
                0x0000000008001904                setTimer
 .text.timer_run
                0x0000000008001954       0x60 ./Core/Src/software_timer.o
                0x0000000008001954                timer_run
 .text.isTimerExpired
                0x00000000080019b4       0x30 ./Core/Src/software_timer.o
                0x00000000080019b4                isTimerExpired
 .text.getTimerCounter
                0x00000000080019e4       0x30 ./Core/Src/software_timer.o
                0x00000000080019e4                getTimerCounter
 .text.HAL_MspInit
                0x0000000008001a14       0x64 ./Core/Src/stm32f1xx_hal_msp.o
                0x0000000008001a14                HAL_MspInit
 .text.HAL_TIM_Base_MspInit
                0x0000000008001a78       0x48 ./Core/Src/stm32f1xx_hal_msp.o
                0x0000000008001a78                HAL_TIM_Base_MspInit
 .text.NMI_Handler
                0x0000000008001ac0        0x6 ./Core/Src/stm32f1xx_it.o
                0x0000000008001ac0                NMI_Handler
 .text.HardFault_Handler
                0x0000000008001ac6        0x6 ./Core/Src/stm32f1xx_it.o
                0x0000000008001ac6                HardFault_Handler
 .text.MemManage_Handler
                0x0000000008001acc        0x6 ./Core/Src/stm32f1xx_it.o
                0x0000000008001acc                MemManage_Handler
 .text.BusFault_Handler
                0x0000000008001ad2        0x6 ./Core/Src/stm32f1xx_it.o
                0x0000000008001ad2                BusFault_Handler
 .text.UsageFault_Handler
                0x0000000008001ad8        0x6 ./Core/Src/stm32f1xx_it.o
                0x0000000008001ad8                UsageFault_Handler
 .text.SVC_Handler
                0x0000000008001ade        0xc ./Core/Src/stm32f1xx_it.o
                0x0000000008001ade                SVC_Handler
 .text.DebugMon_Handler
                0x0000000008001aea        0xc ./Core/Src/stm32f1xx_it.o
                0x0000000008001aea                DebugMon_Handler
 .text.PendSV_Handler
                0x0000000008001af6        0xc ./Core/Src/stm32f1xx_it.o
                0x0000000008001af6                PendSV_Handler
 .text.SysTick_Handler
                0x0000000008001b02        0xc ./Core/Src/stm32f1xx_it.o
                0x0000000008001b02                SysTick_Handler
 *fill*         0x0000000008001b0e        0x2 
 .text.TIM2_IRQHandler
                0x0000000008001b10       0x14 ./Core/Src/stm32f1xx_it.o
                0x0000000008001b10                TIM2_IRQHandler
 .text.SystemInit
                0x0000000008001b24        0xc ./Core/Src/system_stm32f1xx.o
                0x0000000008001b24                SystemInit
 .text.YellowToRed1
                0x0000000008001b30       0x38 ./Core/Src/traffic_light.o
                0x0000000008001b30                YellowToRed1
 .text.RedToGreen1
                0x0000000008001b68       0x38 ./Core/Src/traffic_light.o
                0x0000000008001b68                RedToGreen1
 .text.GreenToYellow1
                0x0000000008001ba0       0x38 ./Core/Src/traffic_light.o
                0x0000000008001ba0                GreenToYellow1
 .text.YellowToRed2
                0x0000000008001bd8       0x38 ./Core/Src/traffic_light.o
                0x0000000008001bd8                YellowToRed2
 .text.RedToGreen2
                0x0000000008001c10       0x38 ./Core/Src/traffic_light.o
                0x0000000008001c10                RedToGreen2
 .text.GreenToYellow2
                0x0000000008001c48       0x38 ./Core/Src/traffic_light.o
                0x0000000008001c48                GreenToYellow2
 .text.clearAllLed
                0x0000000008001c80       0x90 ./Core/Src/traffic_light.o
                0x0000000008001c80                clearAllLed
 .text.Reset_Handler
                0x0000000008001d10       0x48 ./Core/Startup/startup_stm32f103c6tx.o
                0x0000000008001d10                Reset_Handler
 .text.Default_Handler
                0x0000000008001d58        0x2 ./Core/Startup/startup_stm32f103c6tx.o
                0x0000000008001d58                RTC_Alarm_IRQHandler
                0x0000000008001d58                EXTI2_IRQHandler
                0x0000000008001d58                TIM1_CC_IRQHandler
                0x0000000008001d58                PVD_IRQHandler
                0x0000000008001d58                EXTI3_IRQHandler
                0x0000000008001d58                EXTI0_IRQHandler
                0x0000000008001d58                ADC1_2_IRQHandler
                0x0000000008001d58                SPI1_IRQHandler
                0x0000000008001d58                TAMPER_IRQHandler
                0x0000000008001d58                DMA1_Channel4_IRQHandler
                0x0000000008001d58                RTC_IRQHandler
                0x0000000008001d58                DMA1_Channel7_IRQHandler
                0x0000000008001d58                CAN1_RX1_IRQHandler
                0x0000000008001d58                I2C1_EV_IRQHandler
                0x0000000008001d58                DMA1_Channel6_IRQHandler
                0x0000000008001d58                TIM3_IRQHandler
                0x0000000008001d58                RCC_IRQHandler
                0x0000000008001d58                TIM1_TRG_COM_IRQHandler
                0x0000000008001d58                DMA1_Channel1_IRQHandler
                0x0000000008001d58                Default_Handler
                0x0000000008001d58                EXTI15_10_IRQHandler
                0x0000000008001d58                EXTI9_5_IRQHandler
                0x0000000008001d58                DMA1_Channel5_IRQHandler
                0x0000000008001d58                EXTI4_IRQHandler
                0x0000000008001d58                USB_LP_CAN1_RX0_IRQHandler
                0x0000000008001d58                USB_HP_CAN1_TX_IRQHandler
                0x0000000008001d58                DMA1_Channel3_IRQHandler
                0x0000000008001d58                TIM1_UP_IRQHandler
                0x0000000008001d58                WWDG_IRQHandler
                0x0000000008001d58                TIM1_BRK_IRQHandler
                0x0000000008001d58                EXTI1_IRQHandler
                0x0000000008001d58                USART2_IRQHandler
                0x0000000008001d58                DMA1_Channel2_IRQHandler
                0x0000000008001d58                CAN1_SCE_IRQHandler
                0x0000000008001d58                FLASH_IRQHandler
                0x0000000008001d58                USART1_IRQHandler
                0x0000000008001d58                I2C1_ER_IRQHandler
                0x0000000008001d58                USBWakeUp_IRQHandler
 *fill*         0x0000000008001d5a        0x2 
 .text.HAL_Init
                0x0000000008001d5c       0x2c ./Drivers/STM32F1xx_HAL_Driver/Src/stm32f1xx_hal.o
                0x0000000008001d5c                HAL_Init
 .text.HAL_InitTick
                0x0000000008001d88       0x60 ./Drivers/STM32F1xx_HAL_Driver/Src/stm32f1xx_hal.o
                0x0000000008001d88                HAL_InitTick
 .text.HAL_IncTick
                0x0000000008001de8       0x24 ./Drivers/STM32F1xx_HAL_Driver/Src/stm32f1xx_hal.o
                0x0000000008001de8                HAL_IncTick
 .text.HAL_GetTick
                0x0000000008001e0c       0x14 ./Drivers/STM32F1xx_HAL_Driver/Src/stm32f1xx_hal.o
                0x0000000008001e0c                HAL_GetTick
 .text.__NVIC_SetPriorityGrouping
                0x0000000008001e20       0x48 ./Drivers/STM32F1xx_HAL_Driver/Src/stm32f1xx_hal_cortex.o
 .text.__NVIC_GetPriorityGrouping
                0x0000000008001e68       0x1c ./Drivers/STM32F1xx_HAL_Driver/Src/stm32f1xx_hal_cortex.o
 .text.__NVIC_EnableIRQ
                0x0000000008001e84       0x38 ./Drivers/STM32F1xx_HAL_Driver/Src/stm32f1xx_hal_cortex.o
 .text.__NVIC_SetPriority
                0x0000000008001ebc       0x54 ./Drivers/STM32F1xx_HAL_Driver/Src/stm32f1xx_hal_cortex.o
 .text.NVIC_EncodePriority
                0x0000000008001f10       0x64 ./Drivers/STM32F1xx_HAL_Driver/Src/stm32f1xx_hal_cortex.o
 .text.SysTick_Config
                0x0000000008001f74       0x44 ./Drivers/STM32F1xx_HAL_Driver/Src/stm32f1xx_hal_cortex.o
 .text.HAL_NVIC_SetPriorityGrouping
                0x0000000008001fb8       0x16 ./Drivers/STM32F1xx_HAL_Driver/Src/stm32f1xx_hal_cortex.o
                0x0000000008001fb8                HAL_NVIC_SetPriorityGrouping
 .text.HAL_NVIC_SetPriority
                0x0000000008001fce       0x38 ./Drivers/STM32F1xx_HAL_Driver/Src/stm32f1xx_hal_cortex.o
                0x0000000008001fce                HAL_NVIC_SetPriority
 .text.HAL_NVIC_EnableIRQ
                0x0000000008002006       0x1c ./Drivers/STM32F1xx_HAL_Driver/Src/stm32f1xx_hal_cortex.o
                0x0000000008002006                HAL_NVIC_EnableIRQ
 .text.HAL_SYSTICK_Config
                0x0000000008002022       0x18 ./Drivers/STM32F1xx_HAL_Driver/Src/stm32f1xx_hal_cortex.o
                0x0000000008002022                HAL_SYSTICK_Config
 *fill*         0x000000000800203a        0x2 
 .text.HAL_GPIO_Init
                0x000000000800203c      0x2f4 ./Drivers/STM32F1xx_HAL_Driver/Src/stm32f1xx_hal_gpio.o
                0x000000000800203c                HAL_GPIO_Init
 .text.HAL_GPIO_ReadPin
                0x0000000008002330       0x2e ./Drivers/STM32F1xx_HAL_Driver/Src/stm32f1xx_hal_gpio.o
                0x0000000008002330                HAL_GPIO_ReadPin
 .text.HAL_GPIO_WritePin
                0x000000000800235e       0x30 ./Drivers/STM32F1xx_HAL_Driver/Src/stm32f1xx_hal_gpio.o
                0x000000000800235e                HAL_GPIO_WritePin
 .text.HAL_GPIO_TogglePin
                0x000000000800238e       0x32 ./Drivers/STM32F1xx_HAL_Driver/Src/stm32f1xx_hal_gpio.o
                0x000000000800238e                HAL_GPIO_TogglePin
 .text.HAL_RCC_OscConfig
                0x00000000080023c0      0x500 ./Drivers/STM32F1xx_HAL_Driver/Src/stm32f1xx_hal_rcc.o
                0x00000000080023c0                HAL_RCC_OscConfig
 .text.HAL_RCC_ClockConfig
                0x00000000080028c0      0x1d4 ./Drivers/STM32F1xx_HAL_Driver/Src/stm32f1xx_hal_rcc.o
                0x00000000080028c0                HAL_RCC_ClockConfig
 .text.HAL_RCC_GetSysClockFreq
                0x0000000008002a94       0xa8 ./Drivers/STM32F1xx_HAL_Driver/Src/stm32f1xx_hal_rcc.o
                0x0000000008002a94                HAL_RCC_GetSysClockFreq
 .text.RCC_Delay
                0x0000000008002b3c       0x3c ./Drivers/STM32F1xx_HAL_Driver/Src/stm32f1xx_hal_rcc.o
 .text.HAL_TIM_Base_Init
                0x0000000008002b78       0x9e ./Drivers/STM32F1xx_HAL_Driver/Src/stm32f1xx_hal_tim.o
                0x0000000008002b78                HAL_TIM_Base_Init
 *fill*         0x0000000008002c16        0x2 
 .text.HAL_TIM_Base_Start_IT
                0x0000000008002c18       0x98 ./Drivers/STM32F1xx_HAL_Driver/Src/stm32f1xx_hal_tim.o
                0x0000000008002c18                HAL_TIM_Base_Start_IT
 .text.HAL_TIM_IRQHandler
                0x0000000008002cb0      0x1e0 ./Drivers/STM32F1xx_HAL_Driver/Src/stm32f1xx_hal_tim.o
                0x0000000008002cb0                HAL_TIM_IRQHandler
 .text.HAL_TIM_ConfigClockSource
                0x0000000008002e90      0x18e ./Drivers/STM32F1xx_HAL_Driver/Src/stm32f1xx_hal_tim.o
                0x0000000008002e90                HAL_TIM_ConfigClockSource
 .text.HAL_TIM_OC_DelayElapsedCallback
                0x000000000800301e       0x12 ./Drivers/STM32F1xx_HAL_Driver/Src/stm32f1xx_hal_tim.o
                0x000000000800301e                HAL_TIM_OC_DelayElapsedCallback
 .text.HAL_TIM_IC_CaptureCallback
                0x0000000008003030       0x12 ./Drivers/STM32F1xx_HAL_Driver/Src/stm32f1xx_hal_tim.o
                0x0000000008003030                HAL_TIM_IC_CaptureCallback
 .text.HAL_TIM_PWM_PulseFinishedCallback
                0x0000000008003042       0x12 ./Drivers/STM32F1xx_HAL_Driver/Src/stm32f1xx_hal_tim.o
                0x0000000008003042                HAL_TIM_PWM_PulseFinishedCallback
 .text.HAL_TIM_TriggerCallback
                0x0000000008003054       0x12 ./Drivers/STM32F1xx_HAL_Driver/Src/stm32f1xx_hal_tim.o
                0x0000000008003054                HAL_TIM_TriggerCallback
 *fill*         0x0000000008003066        0x2 
 .text.TIM_Base_SetConfig
                0x0000000008003068       0xc8 ./Drivers/STM32F1xx_HAL_Driver/Src/stm32f1xx_hal_tim.o
                0x0000000008003068                TIM_Base_SetConfig
 .text.TIM_TI1_ConfigInputStage
                0x0000000008003130       0x5c ./Drivers/STM32F1xx_HAL_Driver/Src/stm32f1xx_hal_tim.o
 .text.TIM_TI2_ConfigInputStage
                0x000000000800318c       0x5e ./Drivers/STM32F1xx_HAL_Driver/Src/stm32f1xx_hal_tim.o
 .text.TIM_ITRx_SetConfig
                0x00000000080031ea       0x34 ./Drivers/STM32F1xx_HAL_Driver/Src/stm32f1xx_hal_tim.o
 .text.TIM_ETR_SetConfig
                0x000000000800321e       0x3e ./Drivers/STM32F1xx_HAL_Driver/Src/stm32f1xx_hal_tim.o
                0x000000000800321e                TIM_ETR_SetConfig
 .text.HAL_TIMEx_MasterConfigSynchronization
                0x000000000800325c       0xb0 ./Drivers/STM32F1xx_HAL_Driver/Src/stm32f1xx_hal_tim_ex.o
                0x000000000800325c                HAL_TIMEx_MasterConfigSynchronization
 .text.HAL_TIMEx_CommutCallback
                0x000000000800330c       0x12 ./Drivers/STM32F1xx_HAL_Driver/Src/stm32f1xx_hal_tim_ex.o
                0x000000000800330c                HAL_TIMEx_CommutCallback
 .text.HAL_TIMEx_BreakCallback
                0x000000000800331e       0x12 ./Drivers/STM32F1xx_HAL_Driver/Src/stm32f1xx_hal_tim_ex.o
                0x000000000800331e                HAL_TIMEx_BreakCallback
 .text.__libc_init_array
                0x0000000008003330       0x48 c:/st/stm32cubeide_1.7.0/stm32cubeide/plugins/com.st.stm32cube.ide.mcu.externaltools.gnu-tools-for-stm32.9-2020-q2-update.win32_2.0.0.202105311346/tools/bin/../lib/gcc/arm-none-eabi/9.3.1/../../../../arm-none-eabi/lib/thumb/v7-m/nofp\libc_nano.a(lib_a-init.o)
                0x0000000008003330                __libc_init_array
 .text.memset   0x0000000008003378       0x10 c:/st/stm32cubeide_1.7.0/stm32cubeide/plugins/com.st.stm32cube.ide.mcu.externaltools.gnu-tools-for-stm32.9-2020-q2-update.win32_2.0.0.202105311346/tools/bin/../lib/gcc/arm-none-eabi/9.3.1/../../../../arm-none-eabi/lib/thumb/v7-m/nofp\libc_nano.a(lib_a-memset.o)
                0x0000000008003378                memset
 *(.glue_7)
 .glue_7        0x0000000008003388        0x0 linker stubs
 *(.glue_7t)
 .glue_7t       0x0000000008003388        0x0 linker stubs
 *(.eh_frame)
 .eh_frame      0x0000000008003388        0x0 c:/st/stm32cubeide_1.7.0/stm32cubeide/plugins/com.st.stm32cube.ide.mcu.externaltools.gnu-tools-for-stm32.9-2020-q2-update.win32_2.0.0.202105311346/tools/bin/../lib/gcc/arm-none-eabi/9.3.1/thumb/v7-m/nofp/crtbegin.o
 *(.init)
 .init          0x0000000008003388        0x4 c:/st/stm32cubeide_1.7.0/stm32cubeide/plugins/com.st.stm32cube.ide.mcu.externaltools.gnu-tools-for-stm32.9-2020-q2-update.win32_2.0.0.202105311346/tools/bin/../lib/gcc/arm-none-eabi/9.3.1/thumb/v7-m/nofp/crti.o
                0x0000000008003388                _init
 .init          0x000000000800338c        0x8 c:/st/stm32cubeide_1.7.0/stm32cubeide/plugins/com.st.stm32cube.ide.mcu.externaltools.gnu-tools-for-stm32.9-2020-q2-update.win32_2.0.0.202105311346/tools/bin/../lib/gcc/arm-none-eabi/9.3.1/thumb/v7-m/nofp/crtn.o
 *(.fini)
 .fini          0x0000000008003394        0x4 c:/st/stm32cubeide_1.7.0/stm32cubeide/plugins/com.st.stm32cube.ide.mcu.externaltools.gnu-tools-for-stm32.9-2020-q2-update.win32_2.0.0.202105311346/tools/bin/../lib/gcc/arm-none-eabi/9.3.1/thumb/v7-m/nofp/crti.o
                0x0000000008003394                _fini
 .fini          0x0000000008003398        0x8 c:/st/stm32cubeide_1.7.0/stm32cubeide/plugins/com.st.stm32cube.ide.mcu.externaltools.gnu-tools-for-stm32.9-2020-q2-update.win32_2.0.0.202105311346/tools/bin/../lib/gcc/arm-none-eabi/9.3.1/thumb/v7-m/nofp/crtn.o
                0x00000000080033a0                . = ALIGN (0x4)
                0x00000000080033a0                _etext = .

.vfp11_veneer   0x00000000080033a0        0x0
 .vfp11_veneer  0x00000000080033a0        0x0 linker stubs

.v4_bx          0x00000000080033a0        0x0
 .v4_bx         0x00000000080033a0        0x0 linker stubs

.iplt           0x00000000080033a0        0x0
 .iplt          0x00000000080033a0        0x0 c:/st/stm32cubeide_1.7.0/stm32cubeide/plugins/com.st.stm32cube.ide.mcu.externaltools.gnu-tools-for-stm32.9-2020-q2-update.win32_2.0.0.202105311346/tools/bin/../lib/gcc/arm-none-eabi/9.3.1/thumb/v7-m/nofp/crtbegin.o

.rodata         0x00000000080033a0       0x24
                0x00000000080033a0                . = ALIGN (0x4)
 *(.rodata)
 *(.rodata*)
 .rodata.AHBPrescTable
                0x00000000080033a0       0x10 ./Core/Src/system_stm32f1xx.o
                0x00000000080033a0                AHBPrescTable
 .rodata.aPLLMULFactorTable.6032
                0x00000000080033b0       0x10 ./Drivers/STM32F1xx_HAL_Driver/Src/stm32f1xx_hal_rcc.o
 .rodata.aPredivFactorTable.6033
                0x00000000080033c0        0x2 ./Drivers/STM32F1xx_HAL_Driver/Src/stm32f1xx_hal_rcc.o
                0x00000000080033c4                . = ALIGN (0x4)
 *fill*         0x00000000080033c2        0x2 

.rel.dyn        0x00000000080033c4        0x0
 .rel.iplt      0x00000000080033c4        0x0 c:/st/stm32cubeide_1.7.0/stm32cubeide/plugins/com.st.stm32cube.ide.mcu.externaltools.gnu-tools-for-stm32.9-2020-q2-update.win32_2.0.0.202105311346/tools/bin/../lib/gcc/arm-none-eabi/9.3.1/thumb/v7-m/nofp/crtbegin.o

.ARM.extab      0x00000000080033c4        0x0
                0x00000000080033c4                . = ALIGN (0x4)
 *(.ARM.extab* .gnu.linkonce.armextab.*)
                0x00000000080033c4                . = ALIGN (0x4)

.ARM            0x00000000080033c4        0x0
                0x00000000080033c4                . = ALIGN (0x4)
                0x00000000080033c4                __exidx_start = .
 *(.ARM.exidx*)
                0x00000000080033c4                __exidx_end = .
                0x00000000080033c4                . = ALIGN (0x4)

.preinit_array  0x00000000080033c4        0x0
                0x00000000080033c4                . = ALIGN (0x4)
                0x00000000080033c4                PROVIDE (__preinit_array_start = .)
 *(.preinit_array*)
                0x00000000080033c4                PROVIDE (__preinit_array_end = .)
                0x00000000080033c4                . = ALIGN (0x4)

.init_array     0x00000000080033c4        0x4
                0x00000000080033c4                . = ALIGN (0x4)
                0x00000000080033c4                PROVIDE (__init_array_start = .)
 *(SORT_BY_NAME(.init_array.*))
 *(.init_array*)
 .init_array    0x00000000080033c4        0x4 c:/st/stm32cubeide_1.7.0/stm32cubeide/plugins/com.st.stm32cube.ide.mcu.externaltools.gnu-tools-for-stm32.9-2020-q2-update.win32_2.0.0.202105311346/tools/bin/../lib/gcc/arm-none-eabi/9.3.1/thumb/v7-m/nofp/crtbegin.o
                0x00000000080033c8                PROVIDE (__init_array_end = .)
                0x00000000080033c8                . = ALIGN (0x4)

.fini_array     0x00000000080033c8        0x4
                0x00000000080033c8                . = ALIGN (0x4)
                [!provide]                        PROVIDE (__fini_array_start = .)
 *(SORT_BY_NAME(.fini_array.*))
 *(.fini_array*)
 .fini_array    0x00000000080033c8        0x4 c:/st/stm32cubeide_1.7.0/stm32cubeide/plugins/com.st.stm32cube.ide.mcu.externaltools.gnu-tools-for-stm32.9-2020-q2-update.win32_2.0.0.202105311346/tools/bin/../lib/gcc/arm-none-eabi/9.3.1/thumb/v7-m/nofp/crtbegin.o
                [!provide]                        PROVIDE (__fini_array_end = .)
                0x00000000080033cc                . = ALIGN (0x4)
                0x00000000080033cc                _sidata = LOADADDR (.data)

.data           0x0000000020000000       0x24 load address 0x00000000080033cc
                0x0000000020000000                . = ALIGN (0x4)
                0x0000000020000000                _sdata = .
 *(.data)
 *(.data*)
 .data.buttonPorts
                0x0000000020000000        0xc ./Core/Src/button.o
 .data.buttonPins
                0x000000002000000c        0x6 ./Core/Src/button.o
 *fill*         0x0000000020000012        0x2 
 .data.man_state
                0x0000000020000014        0x4 ./Core/Src/fsm_manual.o
                0x0000000020000014                man_state
 .data.SystemCoreClock
                0x0000000020000018        0x4 ./Core/Src/system_stm32f1xx.o
                0x0000000020000018                SystemCoreClock
 .data.uwTickPrio
                0x000000002000001c        0x4 ./Drivers/STM32F1xx_HAL_Driver/Src/stm32f1xx_hal.o
                0x000000002000001c                uwTickPrio
 .data.uwTickFreq
                0x0000000020000020        0x1 ./Drivers/STM32F1xx_HAL_Driver/Src/stm32f1xx_hal.o
                0x0000000020000020                uwTickFreq
 *(.RamFunc)
 *(.RamFunc*)
                0x0000000020000024                . = ALIGN (0x4)
 *fill*         0x0000000020000021        0x3 
                0x0000000020000024                _edata = .

.igot.plt       0x0000000020000024        0x0 load address 0x00000000080033f0
 .igot.plt      0x0000000020000024        0x0 c:/st/stm32cubeide_1.7.0/stm32cubeide/plugins/com.st.stm32cube.ide.mcu.externaltools.gnu-tools-for-stm32.9-2020-q2-update.win32_2.0.0.202105311346/tools/bin/../lib/gcc/arm-none-eabi/9.3.1/thumb/v7-m/nofp/crtbegin.o
                0x0000000020000024                . = ALIGN (0x4)

.bss            0x0000000020000024      0x144 load address 0x00000000080033f0
                0x0000000020000024                _sbss = .
                0x0000000020000024                __bss_start__ = _sbss
 *(.bss)
 .bss           0x0000000020000024       0x1c c:/st/stm32cubeide_1.7.0/stm32cubeide/plugins/com.st.stm32cube.ide.mcu.externaltools.gnu-tools-for-stm32.9-2020-q2-update.win32_2.0.0.202105311346/tools/bin/../lib/gcc/arm-none-eabi/9.3.1/thumb/v7-m/nofp/crtbegin.o
 *(.bss*)
 .bss.currentEN
                0x0000000020000040        0x4 ./Core/Src/7 seg.o
                0x0000000020000040                currentEN
 .bss.timer_buffer
                0x0000000020000044       0x10 ./Core/Src/7 seg.o
                0x0000000020000044                timer_buffer
 .bss.KeyReg0   0x0000000020000054        0xc ./Core/Src/button.o
 .bss.KeyReg1   0x0000000020000060        0xc ./Core/Src/button.o
 .bss.KeyReg2   0x000000002000006c        0xc ./Core/Src/button.o
 .bss.KeyReg3   0x0000000020000078        0xc ./Core/Src/button.o
 .bss.TimerForKeyPress
                0x0000000020000084        0xc ./Core/Src/button.o
 .bss.button_flag
                0x0000000020000090        0xc ./Core/Src/button.o
 .bss.button_longPress_flag
                0x000000002000009c        0xc ./Core/Src/button.o
 .bss.button_release_flag
                0x00000000200000a8        0xc ./Core/Src/button.o
 .bss.button_doubleClick_flag
                0x00000000200000b4        0xc ./Core/Src/button.o
 .bss.button_click_count
                0x00000000200000c0        0xc ./Core/Src/button.o
 .bss.doubleClickTimer
                0x00000000200000cc        0xc ./Core/Src/button.o
 .bss.red_time  0x00000000200000d8        0x4 ./Core/Src/fsm_manual.o
                0x00000000200000d8                red_time
 .bss.yellow_time
                0x00000000200000dc        0x4 ./Core/Src/fsm_manual.o
                0x00000000200000dc                yellow_time
 .bss.green_time
                0x00000000200000e0        0x4 ./Core/Src/fsm_manual.o
                0x00000000200000e0                green_time
 .bss.status    0x00000000200000e4        0x4 ./Core/Src/global.o
                0x00000000200000e4                status
 .bss.timer_counter
                0x00000000200000e8       0x18 ./Core/Src/software_timer.o
                0x00000000200000e8                timer_counter
 .bss.timer_flag
                0x0000000020000100       0x18 ./Core/Src/software_timer.o
                0x0000000020000100                timer_flag
 .bss.trafState
                0x0000000020000118        0x1 ./Core/Src/traffic_light.o
                0x0000000020000118                trafState
 *(COMMON)
 *fill*         0x0000000020000119        0x3 
 COMMON         0x000000002000011c       0x48 ./Core/Src/main.o
                0x000000002000011c                htim2
 COMMON         0x0000000020000164        0x4 ./Drivers/STM32F1xx_HAL_Driver/Src/stm32f1xx_hal.o
                0x0000000020000164                uwTick
                0x0000000020000168                . = ALIGN (0x4)
                0x0000000020000168                _ebss = .
                0x0000000020000168                __bss_end__ = _ebss

._user_heap_stack
                0x0000000020000168      0x600 load address 0x00000000080033f0
                0x0000000020000168                . = ALIGN (0x8)
                [!provide]                        PROVIDE (end = .)
                0x0000000020000168                PROVIDE (_end = .)
                0x0000000020000368                . = (. + _Min_Heap_Size)
 *fill*         0x0000000020000168      0x200 
                0x0000000020000768                . = (. + _Min_Stack_Size)
 *fill*         0x0000000020000368      0x400 
                0x0000000020000768                . = ALIGN (0x8)

/DISCARD/
 libc.a(*)
 libm.a(*)
 libgcc.a(*)

.ARM.attributes
                0x0000000000000000       0x29
 *(.ARM.attributes)
 .ARM.attributes
                0x0000000000000000       0x1d c:/st/stm32cubeide_1.7.0/stm32cubeide/plugins/com.st.stm32cube.ide.mcu.externaltools.gnu-tools-for-stm32.9-2020-q2-update.win32_2.0.0.202105311346/tools/bin/../lib/gcc/arm-none-eabi/9.3.1/thumb/v7-m/nofp/crti.o
 .ARM.attributes
                0x000000000000001d       0x2d c:/st/stm32cubeide_1.7.0/stm32cubeide/plugins/com.st.stm32cube.ide.mcu.externaltools.gnu-tools-for-stm32.9-2020-q2-update.win32_2.0.0.202105311346/tools/bin/../lib/gcc/arm-none-eabi/9.3.1/thumb/v7-m/nofp/crtbegin.o
 .ARM.attributes
                0x000000000000004a       0x2d ./Core/Src/7 seg.o
 .ARM.attributes
                0x0000000000000077       0x2d ./Core/Src/button.o
 .ARM.attributes
                0x00000000000000a4       0x2d ./Core/Src/fsm_automatic.o
 .ARM.attributes
                0x00000000000000d1       0x2d ./Core/Src/fsm_config.o
 .ARM.attributes
                0x00000000000000fe       0x2d ./Core/Src/fsm_manual.o
 .ARM.attributes
                0x000000000000012b       0x2d ./Core/Src/fsm_menu.o
 .ARM.attributes
                0x0000000000000158       0x33 ./Core/Src/global.o
 .ARM.attributes
                0x000000000000018b       0x2d ./Core/Src/main.o
 .ARM.attributes
                0x00000000000001b8       0x2d ./Core/Src/software_timer.o
 .ARM.attributes
                0x00000000000001e5       0x2d ./Core/Src/stm32f1xx_hal_msp.o
 .ARM.attributes
                0x0000000000000212       0x2d ./Core/Src/stm32f1xx_it.o
 .ARM.attributes
                0x000000000000023f       0x2d ./Core/Src/system_stm32f1xx.o
 .ARM.attributes
                0x000000000000026c       0x2d ./Core/Src/traffic_light.o
 .ARM.attributes
                0x0000000000000299       0x21 ./Core/Startup/startup_stm32f103c6tx.o
 .ARM.attributes
                0x00000000000002ba       0x2d ./Drivers/STM32F1xx_HAL_Driver/Src/stm32f1xx_hal.o
 .ARM.attributes
                0x00000000000002e7       0x2d ./Drivers/STM32F1xx_HAL_Driver/Src/stm32f1xx_hal_cortex.o
 .ARM.attributes
                0x0000000000000314       0x2d ./Drivers/STM32F1xx_HAL_Driver/Src/stm32f1xx_hal_gpio.o
 .ARM.attributes
                0x0000000000000341       0x2d ./Drivers/STM32F1xx_HAL_Driver/Src/stm32f1xx_hal_rcc.o
 .ARM.attributes
                0x000000000000036e       0x2d ./Drivers/STM32F1xx_HAL_Driver/Src/stm32f1xx_hal_tim.o
 .ARM.attributes
                0x000000000000039b       0x2d ./Drivers/STM32F1xx_HAL_Driver/Src/stm32f1xx_hal_tim_ex.o
 .ARM.attributes
                0x00000000000003c8       0x2d c:/st/stm32cubeide_1.7.0/stm32cubeide/plugins/com.st.stm32cube.ide.mcu.externaltools.gnu-tools-for-stm32.9-2020-q2-update.win32_2.0.0.202105311346/tools/bin/../lib/gcc/arm-none-eabi/9.3.1/../../../../arm-none-eabi/lib/thumb/v7-m/nofp\libc_nano.a(lib_a-init.o)
 .ARM.attributes
                0x00000000000003f5       0x2d c:/st/stm32cubeide_1.7.0/stm32cubeide/plugins/com.st.stm32cube.ide.mcu.externaltools.gnu-tools-for-stm32.9-2020-q2-update.win32_2.0.0.202105311346/tools/bin/../lib/gcc/arm-none-eabi/9.3.1/../../../../arm-none-eabi/lib/thumb/v7-m/nofp\libc_nano.a(lib_a-memset.o)
 .ARM.attributes
                0x0000000000000422       0x1d c:/st/stm32cubeide_1.7.0/stm32cubeide/plugins/com.st.stm32cube.ide.mcu.externaltools.gnu-tools-for-stm32.9-2020-q2-update.win32_2.0.0.202105311346/tools/bin/../lib/gcc/arm-none-eabi/9.3.1/thumb/v7-m/nofp/crtn.o
OUTPUT(STM32Lab3.elf elf32-littlearm)
LOAD linker stubs
LOAD c:/st/stm32cubeide_1.7.0/stm32cubeide/plugins/com.st.stm32cube.ide.mcu.externaltools.gnu-tools-for-stm32.9-2020-q2-update.win32_2.0.0.202105311346/tools/bin/../lib/gcc/arm-none-eabi/9.3.1/../../../../arm-none-eabi/lib/thumb/v7-m/nofp\libc.a
LOAD c:/st/stm32cubeide_1.7.0/stm32cubeide/plugins/com.st.stm32cube.ide.mcu.externaltools.gnu-tools-for-stm32.9-2020-q2-update.win32_2.0.0.202105311346/tools/bin/../lib/gcc/arm-none-eabi/9.3.1/../../../../arm-none-eabi/lib/thumb/v7-m/nofp\libm.a
LOAD c:/st/stm32cubeide_1.7.0/stm32cubeide/plugins/com.st.stm32cube.ide.mcu.externaltools.gnu-tools-for-stm32.9-2020-q2-update.win32_2.0.0.202105311346/tools/bin/../lib/gcc/arm-none-eabi/9.3.1/thumb/v7-m/nofp\libgcc.a

.debug_info     0x0000000000000000     0x9f16
 .debug_info    0x0000000000000000      0x39d ./Core/Src/7 seg.o
 .debug_info    0x000000000000039d      0x44d ./Core/Src/button.o
 .debug_info    0x00000000000007ea      0x2d1 ./Core/Src/fsm_automatic.o
 .debug_info    0x0000000000000abb      0x1c6 ./Core/Src/fsm_config.o
 .debug_info    0x0000000000000c81      0x346 ./Core/Src/fsm_manual.o
 .debug_info    0x0000000000000fc7      0x32b ./Core/Src/fsm_menu.o
 .debug_info    0x00000000000012f2      0x1ba ./Core/Src/global.o
 .debug_info    0x00000000000014ac      0xca6 ./Core/Src/main.o
 .debug_info    0x0000000000002152      0x1a1 ./Core/Src/software_timer.o
 .debug_info    0x00000000000022f3      0xa09 ./Core/Src/stm32f1xx_hal_msp.o
 .debug_info    0x0000000000002cfc      0x7b9 ./Core/Src/stm32f1xx_it.o
 .debug_info    0x00000000000034b5      0x2be ./Core/Src/system_stm32f1xx.o
 .debug_info    0x0000000000003773      0x332 ./Core/Src/traffic_light.o
 .debug_info    0x0000000000003aa5       0x22 ./Core/Startup/startup_stm32f103c6tx.o
 .debug_info    0x0000000000003ac7      0x74c ./Drivers/STM32F1xx_HAL_Driver/Src/stm32f1xx_hal.o
 .debug_info    0x0000000000004213      0xbbe ./Drivers/STM32F1xx_HAL_Driver/Src/stm32f1xx_hal_cortex.o
 .debug_info    0x0000000000004dd1      0x701 ./Drivers/STM32F1xx_HAL_Driver/Src/stm32f1xx_hal_gpio.o
 .debug_info    0x00000000000054d2      0x893 ./Drivers/STM32F1xx_HAL_Driver/Src/stm32f1xx_hal_rcc.o
 .debug_info    0x0000000000005d65     0x2c32 ./Drivers/STM32F1xx_HAL_Driver/Src/stm32f1xx_hal_tim.o
 .debug_info    0x0000000000008997     0x157f ./Drivers/STM32F1xx_HAL_Driver/Src/stm32f1xx_hal_tim_ex.o

.debug_abbrev   0x0000000000000000     0x1e4b
 .debug_abbrev  0x0000000000000000      0x174 ./Core/Src/7 seg.o
 .debug_abbrev  0x0000000000000174      0x177 ./Core/Src/button.o
 .debug_abbrev  0x00000000000002eb      0x109 ./Core/Src/fsm_automatic.o
 .debug_abbrev  0x00000000000003f4       0xb6 ./Core/Src/fsm_config.o
 .debug_abbrev  0x00000000000004aa      0x109 ./Core/Src/fsm_manual.o
 .debug_abbrev  0x00000000000005b3      0x121 ./Core/Src/fsm_menu.o
 .debug_abbrev  0x00000000000006d4       0xa9 ./Core/Src/global.o
 .debug_abbrev  0x000000000000077d      0x22c ./Core/Src/main.o
 .debug_abbrev  0x00000000000009a9       0xf1 ./Core/Src/software_timer.o
 .debug_abbrev  0x0000000000000a9a      0x1b7 ./Core/Src/stm32f1xx_hal_msp.o
 .debug_abbrev  0x0000000000000c51      0x176 ./Core/Src/stm32f1xx_it.o
 .debug_abbrev  0x0000000000000dc7      0x14e ./Core/Src/system_stm32f1xx.o
 .debug_abbrev  0x0000000000000f15      0x105 ./Core/Src/traffic_light.o
 .debug_abbrev  0x000000000000101a       0x12 ./Core/Startup/startup_stm32f103c6tx.o
 .debug_abbrev  0x000000000000102c      0x1ed ./Drivers/STM32F1xx_HAL_Driver/Src/stm32f1xx_hal.o
 .debug_abbrev  0x0000000000001219      0x313 ./Drivers/STM32F1xx_HAL_Driver/Src/stm32f1xx_hal_cortex.o
 .debug_abbrev  0x000000000000152c      0x1e8 ./Drivers/STM32F1xx_HAL_Driver/Src/stm32f1xx_hal_gpio.o
 .debug_abbrev  0x0000000000001714      0x273 ./Drivers/STM32F1xx_HAL_Driver/Src/stm32f1xx_hal_rcc.o
 .debug_abbrev  0x0000000000001987      0x25e ./Drivers/STM32F1xx_HAL_Driver/Src/stm32f1xx_hal_tim.o
 .debug_abbrev  0x0000000000001be5      0x266 ./Drivers/STM32F1xx_HAL_Driver/Src/stm32f1xx_hal_tim_ex.o

.debug_aranges  0x0000000000000000      0xaf8
 .debug_aranges
                0x0000000000000000       0x40 ./Core/Src/7 seg.o
 .debug_aranges
                0x0000000000000040       0x48 ./Core/Src/button.o
 .debug_aranges
                0x0000000000000088       0x20 ./Core/Src/fsm_automatic.o
 .debug_aranges
                0x00000000000000a8       0x20 ./Core/Src/fsm_config.o
 .debug_aranges
                0x00000000000000c8       0x28 ./Core/Src/fsm_manual.o
 .debug_aranges
                0x00000000000000f0       0x28 ./Core/Src/fsm_menu.o
 .debug_aranges
                0x0000000000000118       0x18 ./Core/Src/global.o
 .debug_aranges
                0x0000000000000130       0x48 ./Core/Src/main.o
 .debug_aranges
                0x0000000000000178       0x48 ./Core/Src/software_timer.o
 .debug_aranges
                0x00000000000001c0       0x30 ./Core/Src/stm32f1xx_hal_msp.o
 .debug_aranges
                0x00000000000001f0       0x68 ./Core/Src/stm32f1xx_it.o
 .debug_aranges
                0x0000000000000258       0x28 ./Core/Src/system_stm32f1xx.o
 .debug_aranges
                0x0000000000000280       0x50 ./Core/Src/traffic_light.o
 .debug_aranges
                0x00000000000002d0       0x28 ./Core/Startup/startup_stm32f103c6tx.o
 .debug_aranges
                0x00000000000002f8       0xe0 ./Drivers/STM32F1xx_HAL_Driver/Src/stm32f1xx_hal.o
 .debug_aranges
                0x00000000000003d8      0x100 ./Drivers/STM32F1xx_HAL_Driver/Src/stm32f1xx_hal_cortex.o
 .debug_aranges
                0x00000000000004d8       0x58 ./Drivers/STM32F1xx_HAL_Driver/Src/stm32f1xx_hal_gpio.o
 .debug_aranges
                0x0000000000000530       0x90 ./Drivers/STM32F1xx_HAL_Driver/Src/stm32f1xx_hal_rcc.o
 .debug_aranges
                0x00000000000005c0      0x3d0 ./Drivers/STM32F1xx_HAL_Driver/Src/stm32f1xx_hal_tim.o
 .debug_aranges
                0x0000000000000990      0x168 ./Drivers/STM32F1xx_HAL_Driver/Src/stm32f1xx_hal_tim_ex.o

.debug_ranges   0x0000000000000000      0x9b8
 .debug_ranges  0x0000000000000000       0x30 ./Core/Src/7 seg.o
 .debug_ranges  0x0000000000000030       0x38 ./Core/Src/button.o
 .debug_ranges  0x0000000000000068       0x10 ./Core/Src/fsm_automatic.o
 .debug_ranges  0x0000000000000078       0x10 ./Core/Src/fsm_config.o
 .debug_ranges  0x0000000000000088       0x18 ./Core/Src/fsm_manual.o
 .debug_ranges  0x00000000000000a0       0x18 ./Core/Src/fsm_menu.o
 .debug_ranges  0x00000000000000b8       0x38 ./Core/Src/main.o
 .debug_ranges  0x00000000000000f0       0x38 ./Core/Src/software_timer.o
 .debug_ranges  0x0000000000000128       0x20 ./Core/Src/stm32f1xx_hal_msp.o
 .debug_ranges  0x0000000000000148       0x58 ./Core/Src/stm32f1xx_it.o
 .debug_ranges  0x00000000000001a0       0x18 ./Core/Src/system_stm32f1xx.o
 .debug_ranges  0x00000000000001b8       0x40 ./Core/Src/traffic_light.o
 .debug_ranges  0x00000000000001f8       0x20 ./Core/Startup/startup_stm32f103c6tx.o
 .debug_ranges  0x0000000000000218       0xd0 ./Drivers/STM32F1xx_HAL_Driver/Src/stm32f1xx_hal.o
 .debug_ranges  0x00000000000002e8       0xf0 ./Drivers/STM32F1xx_HAL_Driver/Src/stm32f1xx_hal_cortex.o
 .debug_ranges  0x00000000000003d8       0x48 ./Drivers/STM32F1xx_HAL_Driver/Src/stm32f1xx_hal_gpio.o
 .debug_ranges  0x0000000000000420       0x80 ./Drivers/STM32F1xx_HAL_Driver/Src/stm32f1xx_hal_rcc.o
 .debug_ranges  0x00000000000004a0      0x3c0 ./Drivers/STM32F1xx_HAL_Driver/Src/stm32f1xx_hal_tim.o
 .debug_ranges  0x0000000000000860      0x158 ./Drivers/STM32F1xx_HAL_Driver/Src/stm32f1xx_hal_tim_ex.o

.debug_macro    0x0000000000000000    0x17384
 .debug_macro   0x0000000000000000      0x1da ./Core/Src/7 seg.o
 .debug_macro   0x00000000000001da      0xa9c ./Core/Src/7 seg.o
 .debug_macro   0x0000000000000c76       0x10 ./Core/Src/7 seg.o
 .debug_macro   0x0000000000000c86       0x22 ./Core/Src/7 seg.o
 .debug_macro   0x0000000000000ca8       0x16 ./Core/Src/7 seg.o
 .debug_macro   0x0000000000000cbe      0x215 ./Core/Src/7 seg.o
 .debug_macro   0x0000000000000ed3       0x2e ./Core/Src/7 seg.o
 .debug_macro   0x0000000000000f01       0x22 ./Core/Src/7 seg.o
 .debug_macro   0x0000000000000f23       0x22 ./Core/Src/7 seg.o
 .debug_macro   0x0000000000000f45       0x8e ./Core/Src/7 seg.o
 .debug_macro   0x0000000000000fd3       0x51 ./Core/Src/7 seg.o
 .debug_macro   0x0000000000001024      0x103 ./Core/Src/7 seg.o
 .debug_macro   0x0000000000001127       0x6a ./Core/Src/7 seg.o
 .debug_macro   0x0000000000001191      0x1df ./Core/Src/7 seg.o
 .debug_macro   0x0000000000001370       0x1c ./Core/Src/7 seg.o
 .debug_macro   0x000000000000138c       0x22 ./Core/Src/7 seg.o
 .debug_macro   0x00000000000013ae       0xc3 ./Core/Src/7 seg.o
 .debug_macro   0x0000000000001471      0xd23 ./Core/Src/7 seg.o
 .debug_macro   0x0000000000002194     0xde75 ./Core/Src/7 seg.o
 .debug_macro   0x0000000000010009       0x6d ./Core/Src/7 seg.o
 .debug_macro   0x0000000000010076     0x34a2 ./Core/Src/7 seg.o
 .debug_macro   0x0000000000013518      0x174 ./Core/Src/7 seg.o
 .debug_macro   0x000000000001368c       0x5c ./Core/Src/7 seg.o
 .debug_macro   0x00000000000136e8      0x5bc ./Core/Src/7 seg.o
 .debug_macro   0x0000000000013ca4      0x1b7 ./Core/Src/7 seg.o
 .debug_macro   0x0000000000013e5b      0x1cb ./Core/Src/7 seg.o
 .debug_macro   0x0000000000014026      0x114 ./Core/Src/7 seg.o
 .debug_macro   0x000000000001413a      0x1b2 ./Core/Src/7 seg.o
 .debug_macro   0x00000000000142ec       0x27 ./Core/Src/7 seg.o
 .debug_macro   0x0000000000014313      0x12f ./Core/Src/7 seg.o
 .debug_macro   0x0000000000014442      0x1bc ./Core/Src/7 seg.o
 .debug_macro   0x00000000000145fe       0x34 ./Core/Src/7 seg.o
 .debug_macro   0x0000000000014632       0x3c ./Core/Src/7 seg.o
 .debug_macro   0x000000000001466e       0x57 ./Core/Src/7 seg.o
 .debug_macro   0x00000000000146c5       0x87 ./Core/Src/7 seg.o
 .debug_macro   0x000000000001474c      0x183 ./Core/Src/7 seg.o
 .debug_macro   0x00000000000148cf      0x140 ./Core/Src/7 seg.o
 .debug_macro   0x0000000000014a0f      0x8ed ./Core/Src/7 seg.o
 .debug_macro   0x00000000000152fc       0x69 ./Core/Src/7 seg.o
 .debug_macro   0x0000000000015365      0x184 ./Core/Src/7 seg.o
 .debug_macro   0x00000000000154e9       0x22 ./Core/Src/7 seg.o
 .debug_macro   0x000000000001550b      0x1b5 ./Core/Src/button.o
 .debug_macro   0x00000000000156c0      0x1e3 ./Core/Src/fsm_automatic.o
 .debug_macro   0x00000000000158a3       0x16 ./Core/Src/fsm_automatic.o
 .debug_macro   0x00000000000158b9      0x1d1 ./Core/Src/fsm_config.o
 .debug_macro   0x0000000000015a8a      0x1e3 ./Core/Src/fsm_manual.o
 .debug_macro   0x0000000000015c6d       0x22 ./Core/Src/fsm_manual.o
 .debug_macro   0x0000000000015c8f      0x200 ./Core/Src/fsm_menu.o
 .debug_macro   0x0000000000015e8f      0x1c7 ./Core/Src/global.o
 .debug_macro   0x0000000000016056      0x208 ./Core/Src/main.o
 .debug_macro   0x000000000001625e       0x1a ./Core/Src/software_timer.o
 .debug_macro   0x0000000000016278      0x1a6 ./Core/Src/stm32f1xx_hal_msp.o
 .debug_macro   0x000000000001641e      0x1b0 ./Core/Src/stm32f1xx_it.o
 .debug_macro   0x00000000000165ce      0x197 ./Core/Src/system_stm32f1xx.o
 .debug_macro   0x0000000000016765      0x1cb ./Core/Src/traffic_light.o
 .debug_macro   0x0000000000016930       0x28 ./Core/Src/traffic_light.o
 .debug_macro   0x0000000000016958      0x1bb ./Drivers/STM32F1xx_HAL_Driver/Src/stm32f1xx_hal.o
 .debug_macro   0x0000000000016b13      0x197 ./Drivers/STM32F1xx_HAL_Driver/Src/stm32f1xx_hal_cortex.o
 .debug_macro   0x0000000000016caa      0x202 ./Drivers/STM32F1xx_HAL_Driver/Src/stm32f1xx_hal_gpio.o
 .debug_macro   0x0000000000016eac      0x1a9 ./Drivers/STM32F1xx_HAL_Driver/Src/stm32f1xx_hal_rcc.o
 .debug_macro   0x0000000000017055      0x198 ./Drivers/STM32F1xx_HAL_Driver/Src/stm32f1xx_hal_tim.o
 .debug_macro   0x00000000000171ed      0x197 ./Drivers/STM32F1xx_HAL_Driver/Src/stm32f1xx_hal_tim_ex.o

.debug_line     0x0000000000000000     0xd15a
 .debug_line    0x0000000000000000      0x7ed ./Core/Src/7 seg.o
 .debug_line    0x00000000000007ed      0x883 ./Core/Src/button.o
 .debug_line    0x0000000000001070      0x78b ./Core/Src/fsm_automatic.o
 .debug_line    0x00000000000017fb      0x695 ./Core/Src/fsm_config.o
 .debug_line    0x0000000000001e90      0x891 ./Core/Src/fsm_manual.o
 .debug_line    0x0000000000002721      0x785 ./Core/Src/fsm_menu.o
 .debug_line    0x0000000000002ea6      0x66d ./Core/Src/global.o
 .debug_line    0x0000000000003513      0x80a ./Core/Src/main.o
 .debug_line    0x0000000000003d1d      0x171 ./Core/Src/software_timer.o
 .debug_line    0x0000000000003e8e      0x6a1 ./Core/Src/stm32f1xx_hal_msp.o
 .debug_line    0x000000000000452f      0x73f ./Core/Src/stm32f1xx_it.o
 .debug_line    0x0000000000004c6e      0x6e3 ./Core/Src/system_stm32f1xx.o
 .debug_line    0x0000000000005351      0x745 ./Core/Src/traffic_light.o
 .debug_line    0x0000000000005a96       0x86 ./Core/Startup/startup_stm32f103c6tx.o
 .debug_line    0x0000000000005b1c      0x910 ./Drivers/STM32F1xx_HAL_Driver/Src/stm32f1xx_hal.o
 .debug_line    0x000000000000642c      0xaf8 ./Drivers/STM32F1xx_HAL_Driver/Src/stm32f1xx_hal_cortex.o
 .debug_line    0x0000000000006f24      0x993 ./Drivers/STM32F1xx_HAL_Driver/Src/stm32f1xx_hal_gpio.o
 .debug_line    0x00000000000078b7      0xd1c ./Drivers/STM32F1xx_HAL_Driver/Src/stm32f1xx_hal_rcc.o
 .debug_line    0x00000000000085d3     0x3361 ./Drivers/STM32F1xx_HAL_Driver/Src/stm32f1xx_hal_tim.o
 .debug_line    0x000000000000b934     0x1826 ./Drivers/STM32F1xx_HAL_Driver/Src/stm32f1xx_hal_tim_ex.o

.debug_str      0x0000000000000000    0x8281a
 .debug_str     0x0000000000000000    0x7fb2c ./Core/Src/7 seg.o
                                      0x7fe8c (size before relaxing)
 .debug_str     0x000000000007fb2c      0x138 ./Core/Src/button.o
                                      0x7fe3e (size before relaxing)
 .debug_str     0x000000000007fc64       0x65 ./Core/Src/fsm_automatic.o
                                      0x7fe5e (size before relaxing)
 .debug_str     0x000000000007fcc9       0x3b ./Core/Src/fsm_config.o
                                      0x7fd75 (size before relaxing)
 .debug_str     0x000000000007fd04       0xa7 ./Core/Src/fsm_manual.o
                                      0x7febc (size before relaxing)
 .debug_str     0x000000000007fdab       0x40 ./Core/Src/fsm_menu.o
                                      0x7fef1 (size before relaxing)
 .debug_str     0x000000000007fdeb       0x15 ./Core/Src/global.o
                                      0x7fd4f (size before relaxing)
 .debug_str     0x000000000007fe00      0x6df ./Core/Src/main.o
                                      0x8066d (size before relaxing)
 .debug_str     0x00000000000804df       0x77 ./Core/Src/software_timer.o
                                       0x2e27 (size before relaxing)
 .debug_str     0x0000000000080556      0x2ba ./Core/Src/stm32f1xx_hal_msp.o
                                      0x80456 (size before relaxing)
 .debug_str     0x0000000000080810       0xcd ./Core/Src/stm32f1xx_it.o
                                      0x801b8 (size before relaxing)
 .debug_str     0x00000000000808dd       0x52 ./Core/Src/system_stm32f1xx.o
                                      0x7f777 (size before relaxing)
 .debug_str     0x000000000008092f       0x78 ./Core/Src/traffic_light.o
                                      0x7fe57 (size before relaxing)
 .debug_str     0x00000000000809a7       0x36 ./Core/Startup/startup_stm32f103c6tx.o
                                         0x6b (size before relaxing)
 .debug_str     0x00000000000809dd      0x304 ./Drivers/STM32F1xx_HAL_Driver/Src/stm32f1xx_hal.o
                                      0x7fdce (size before relaxing)
 .debug_str     0x0000000000080ce1      0x2fa ./Drivers/STM32F1xx_HAL_Driver/Src/stm32f1xx_hal_cortex.o
                                      0x7fdd6 (size before relaxing)
 .debug_str     0x0000000000080fdb      0x324 ./Drivers/STM32F1xx_HAL_Driver/Src/stm32f1xx_hal_gpio.o
                                      0x7fb3b (size before relaxing)
 .debug_str     0x00000000000812ff      0x24f ./Drivers/STM32F1xx_HAL_Driver/Src/stm32f1xx_hal_rcc.o
                                      0x7fb74 (size before relaxing)
 .debug_str     0x000000000008154e      0xdde ./Drivers/STM32F1xx_HAL_Driver/Src/stm32f1xx_hal_tim.o
                                      0x80b5d (size before relaxing)
 .debug_str     0x000000000008232c      0x4ee ./Drivers/STM32F1xx_HAL_Driver/Src/stm32f1xx_hal_tim_ex.o
                                      0x802fe (size before relaxing)

.comment        0x0000000000000000       0x53
 .comment       0x0000000000000000       0x53 ./Core/Src/7 seg.o
                                         0x54 (size before relaxing)
 .comment       0x0000000000000053       0x54 ./Core/Src/button.o
 .comment       0x0000000000000053       0x54 ./Core/Src/fsm_automatic.o
 .comment       0x0000000000000053       0x54 ./Core/Src/fsm_config.o
 .comment       0x0000000000000053       0x54 ./Core/Src/fsm_manual.o
 .comment       0x0000000000000053       0x54 ./Core/Src/fsm_menu.o
 .comment       0x0000000000000053       0x54 ./Core/Src/global.o
 .comment       0x0000000000000053       0x54 ./Core/Src/main.o
 .comment       0x0000000000000053       0x54 ./Core/Src/software_timer.o
 .comment       0x0000000000000053       0x54 ./Core/Src/stm32f1xx_hal_msp.o
 .comment       0x0000000000000053       0x54 ./Core/Src/stm32f1xx_it.o
 .comment       0x0000000000000053       0x54 ./Core/Src/system_stm32f1xx.o
 .comment       0x0000000000000053       0x54 ./Core/Src/traffic_light.o
 .comment       0x0000000000000053       0x54 ./Drivers/STM32F1xx_HAL_Driver/Src/stm32f1xx_hal.o
 .comment       0x0000000000000053       0x54 ./Drivers/STM32F1xx_HAL_Driver/Src/stm32f1xx_hal_cortex.o
 .comment       0x0000000000000053       0x54 ./Drivers/STM32F1xx_HAL_Driver/Src/stm32f1xx_hal_gpio.o
 .comment       0x0000000000000053       0x54 ./Drivers/STM32F1xx_HAL_Driver/Src/stm32f1xx_hal_rcc.o
 .comment       0x0000000000000053       0x54 ./Drivers/STM32F1xx_HAL_Driver/Src/stm32f1xx_hal_tim.o
 .comment       0x0000000000000053       0x54 ./Drivers/STM32F1xx_HAL_Driver/Src/stm32f1xx_hal_tim_ex.o

.debug_frame    0x0000000000000000     0x2a4c
 .debug_frame   0x0000000000000000       0xc0 ./Core/Src/7 seg.o
 .debug_frame   0x00000000000000c0       0xfc ./Core/Src/button.o
 .debug_frame   0x00000000000001bc       0x30 ./Core/Src/fsm_automatic.o
 .debug_frame   0x00000000000001ec       0x30 ./Core/Src/fsm_config.o
 .debug_frame   0x000000000000021c       0x4c ./Core/Src/fsm_manual.o
 .debug_frame   0x0000000000000268       0x4c ./Core/Src/fsm_menu.o
 .debug_frame   0x00000000000002b4       0xd4 ./Core/Src/main.o
 .debug_frame   0x0000000000000388      0x100 ./Core/Src/software_timer.o
 .debug_frame   0x0000000000000488       0x80 ./Core/Src/stm32f1xx_hal_msp.o
 .debug_frame   0x0000000000000508      0x120 ./Core/Src/stm32f1xx_it.o
 .debug_frame   0x0000000000000628       0x58 ./Core/Src/system_stm32f1xx.o
 .debug_frame   0x0000000000000680       0xd4 ./Core/Src/traffic_light.o
 .debug_frame   0x0000000000000754      0x334 ./Drivers/STM32F1xx_HAL_Driver/Src/stm32f1xx_hal.o
 .debug_frame   0x0000000000000a88      0x428 ./Drivers/STM32F1xx_HAL_Driver/Src/stm32f1xx_hal_cortex.o
 .debug_frame   0x0000000000000eb0      0x14c ./Drivers/STM32F1xx_HAL_Driver/Src/stm32f1xx_hal_gpio.o
 .debug_frame   0x0000000000000ffc      0x218 ./Drivers/STM32F1xx_HAL_Driver/Src/stm32f1xx_hal_rcc.o
 .debug_frame   0x0000000000001214     0x11b4 ./Drivers/STM32F1xx_HAL_Driver/Src/stm32f1xx_hal_tim.o
 .debug_frame   0x00000000000023c8      0x638 ./Drivers/STM32F1xx_HAL_Driver/Src/stm32f1xx_hal_tim_ex.o
 .debug_frame   0x0000000000002a00       0x2c c:/st/stm32cubeide_1.7.0/stm32cubeide/plugins/com.st.stm32cube.ide.mcu.externaltools.gnu-tools-for-stm32.9-2020-q2-update.win32_2.0.0.202105311346/tools/bin/../lib/gcc/arm-none-eabi/9.3.1/../../../../arm-none-eabi/lib/thumb/v7-m/nofp\libc_nano.a(lib_a-init.o)
 .debug_frame   0x0000000000002a2c       0x20 c:/st/stm32cubeide_1.7.0/stm32cubeide/plugins/com.st.stm32cube.ide.mcu.externaltools.gnu-tools-for-stm32.9-2020-q2-update.win32_2.0.0.202105311346/tools/bin/../lib/gcc/arm-none-eabi/9.3.1/../../../../arm-none-eabi/lib/thumb/v7-m/nofp\libc_nano.a(lib_a-memset.o)
